// Jest Snapshot v1, https://goo.gl/fbAQLP

exports[`Overview snapshot matches 1`] = `
<div>
  <img
    alt="background"
    className="makeStyles-image-5"
    src="https://images.unsplash.com/photo-1527422265102-22027ee90fcd?ixlib=rb-1.2.1&ixid=eyJhcHBfaWQiOjEyMDd9&auto=format&fit=crop&w=500&q=80"
  />
  <WithStyles(ForwardRef(Container))
    className="makeStyles-Container-1"
  >
    <div
      className="makeStyles-mainDiv-2"
    >
      <div
        className="makeStyles-icons-3"
      >
        <NavLink
          className="makeStyles-link-6"
          to="/trips/my-trips"
        >
          <FlightTakeoffIcon
            className="makeStyles-hover-7"
            fontSize="large"
          />
        </NavLink>
      </div>
      <div>
        <WithStyles(ForwardRef(Typography))
          className="makeStyles-title-4"
        >
          My Trips
        </WithStyles(ForwardRef(Typography))>
      </div>
    </div>
    <div
      className="makeStyles-mainDiv-2"
    >
      <div
        className="makeStyles-icons-3"
      >
        <NavLink
          className="makeStyles-link-6"
          to="/"
        >
          <PersonIcon
            className="makeStyles-hover-7"
            fontSize="large"
          />
        </NavLink>
      </div>
      <div>
        <WithStyles(ForwardRef(Typography))
          className="makeStyles-title-4"
        >
          Home
        </WithStyles(ForwardRef(Typography))>
      </div>
    </div>
    <div
      className="makeStyles-mainDiv-2"
    >
      <div
        className="makeStyles-icons-3"
      >
        <NavLink
          className="makeStyles-link-6"
          to="/trips/new-trip"
        >
          <LanguageIcon
            className="makeStyles-hover-7"
            fontSize="large"
          />
        </NavLink>
      </div>
      <div>
        <WithStyles(ForwardRef(Typography))
          className="makeStyles-title-4"
        >
          Plan Trip
        </WithStyles(ForwardRef(Typography))>
      </div>
    </div>
  </WithStyles(ForwardRef(Container))>
  <WithStyles(ForwardRef(Container))
    className="makeStyles-Container-1"
  >
    <div
      className="makeStyles-mainDiv-2"
    >
      <div
        className="makeStyles-icons-3"
      >
        <NavLink
          className="makeStyles-link-6"
          to="/"
        >
          <AccessTimeIcon
            className="makeStyles-hover-7"
            fontSize="large"
          />
        </NavLink>
      </div>
      <div>
        <WithStyles(ForwardRef(Typography))
          className="makeStyles-title-4"
        >
          Random?
        </WithStyles(ForwardRef(Typography))>
      </div>
    </div>
    <div
      className="makeStyles-mainDiv-2"
    >
      <div
        className="makeStyles-icons-3"
      >
        <NavLink
          className="makeStyles-link-6"
          to="/"
        >
          <AssignmentIndIcon
            className="makeStyles-hover-7"
            fontSize="large"
          />
        </NavLink>
      </div>
      <div>
        <WithStyles(ForwardRef(Typography))
          className="makeStyles-title-4"
        >
          Contact Us
        </WithStyles(ForwardRef(Typography))>
      </div>
    </div>
    <div
      className="makeStyles-mainDiv-2"
    >
      <div
        className="makeStyles-icons-3"
      >
        <NavLink
          className="makeStyles-link-6"
          to="/contact"
        >
          <ShareIcon
            className="makeStyles-hover-7"
            fontSize="large"
          />
        </NavLink>
      </div>
      <div>
        <WithStyles(ForwardRef(Typography))
          className="makeStyles-title-4"
        >
          Share Trips
        </WithStyles(ForwardRef(Typography))>
      </div>
    </div>
  </WithStyles(ForwardRef(Container))>
</div>
`;
